---
source: crates/syntax/tests/snapshots.rs
expression: "SourceFile::parse(&input).syntax_tree()"
---
SourceFile@0..2
  Whitespace@0..2 " \n"

