---
source: crates/syntax/tests/snapshots.rs
expression: "✎ "
---
SourceFile@0..0

