---
source: crates/syntax/tests/snapshots.rs
expression: "âœŽ  \n"
---
SourceFile@0..2
  Whitespace@0..2 " \n"

