---
source: crates/syntax/src/parser.rs
expression: âœŽ 1*2+3*4
---
Expr@0..7
  Expr@0..3
    Expr@0..1
      LitDigits@0..1 "1"
    Syntax@1..2 "*"
    Expr@2..3
      LitDigits@2..3 "2"
  Syntax@3..4 "+"
  Expr@4..7
    Expr@4..5
      LitDigits@4..5 "3"
    Syntax@5..6 "*"
    Expr@6..7
      LitDigits@6..7 "4"

